
[1m[46m RUN [49m[22m [36mv3.2.4 [39m[90mC:/Users/NWAJAGU/Desktop/monorepo[39m

{"timestamp":"2026-03-28T15:34:13.849Z","level":"info","message":"Soroban adapter: stub"}
{"timestamp":"2026-03-28T15:34:13.880Z","level":"info","message":"Soroban adapter: stub"}
{"timestamp":"2026-03-28T15:34:13.936Z","level":"info","message":"Soroban adapter: stub"}
{"timestamp":"2026-03-28T15:34:13.939Z","level":"info","message":"Soroban adapter: stub"}
{"timestamp":"2026-03-28T15:34:14.220Z","level":"info","message":"Soroban adapter: stub"}
{"timestamp":"2026-03-28T15:34:14.222Z","level":"info","message":"Soroban adapter: stub"}
{"timestamp":"2026-03-28T15:34:14.234Z","level":"info","message":"Soroban adapter: stub"}
 [31mΓ¥»[39m backend/src/soroban/stub-adapter.test.ts [2m([22m[2m4 tests[22m[2m | [22m[31m1 failed[39m[2m)[22m[33m 471[2mms[22m[39m
   [32mΓ£ô[39m StubSorobanAdapter[2m > [22mdeterministic behavior with same seed[32m 80[2mms[22m[39m
[31m   [31m├ù[31m StubSorobanAdapter[2m > [22mdifferent behavior with different seeds[39m[32m 299[2mms[22m[39m
[31m     ΓåÆ expected 2016n not to be 2016n // Object.is equality[39m
   [32mΓ£ô[39m StubSorobanAdapter[2m > [22mreset clears balances[32m 11[2mms[22m[39m
   [32mΓ£ô[39m StubSorobanAdapter[2m > [22minstance reset clears ledger[32m 10[2mms[22m[39m

[2m Test Files [22m [1m[31m1 failed[39m[22m[90m (1)[39m
[2m      Tests [22m [1m[31m1 failed[39m[22m[2m | [22m[1m[32m3 passed[39m[22m[90m (4)[39m
[2m   Start at [22m 16:34:11
[2m   Duration [22m 2.65s[2m (transform 849ms, setup 0ms, collect 1.10s, tests 471ms, environment 2ms, prepare 298ms)[22m

