
[1m[46m RUN [49m[22m [36mv3.2.4 [39m[90mC:/Users/NWAJAGU/Desktop/monorepo[39m

{"timestamp":"2026-03-28T15:33:53.350Z","level":"info","message":"Soroban adapter: stub"}
{"timestamp":"2026-03-28T15:33:53.352Z","level":"info","message":"Soroban adapter: stub"}
{"timestamp":"2026-03-28T15:33:53.353Z","level":"info","message":"Soroban adapter: stub"}
{"timestamp":"2026-03-28T15:33:53.353Z","level":"info","message":"Soroban adapter: stub"}
{"timestamp":"2026-03-28T15:33:53.360Z","level":"info","message":"Soroban adapter: stub"}
{"timestamp":"2026-03-28T15:33:53.360Z","level":"info","message":"Soroban adapter: stub"}
{"timestamp":"2026-03-28T15:33:53.360Z","level":"info","message":"Soroban adapter: stub"}
 [31mΓ¥»[39m backend/src/soroban/stub-adapter.test.ts [2m([22m[2m4 tests[22m[2m | [22m[31m1 failed[39m[2m)[22m[32m 13[2mms[22m[39m
   [32mΓ£ô[39m StubSorobanAdapter[2m > [22mdeterministic behavior with same seed[32m 3[2mms[22m[39m
[31m   [31m├ù[31m StubSorobanAdapter[2m > [22mdifferent behavior with different seeds[39m[32m 7[2mms[22m[39m
[31m     ΓåÆ expected 2016n not to be 2016n // Object.is equality[39m
   [32mΓ£ô[39m StubSorobanAdapter[2m > [22mreset clears balances[32m 1[2mms[22m[39m
   [32mΓ£ô[39m StubSorobanAdapter[2m > [22minstance reset clears ledger[32m 1[2mms[22m[39m
node.exe : 
At C:\Program 
Files\nodejs\npx.ps1:29 
char:3
+   & $NODE_EXE 
$NPX_CLI_JS $args
+   ~~~~~~~~~~~~~~~~~~~~~~
~~~~~~~
    + CategoryInfo        
      : NotSpecified: (:  
  String) [], RemoteExc   
 eption
    + FullyQualifiedError 
   Id : NativeCommandErr  
  or
 
[31mΓÄ»ΓÄ»ΓÄ»ΓÄ»ΓÄ»ΓÄ»ΓÄ»
[39m[1m[41m Failed 
Tests 1 [49m[22m[31mΓÄ»
ΓÄ»ΓÄ»ΓÄ»ΓÄ»ΓÄ»ΓÄ»[39m

[41m[1m FAIL [22m[49m 
backend/src/soroban/stub-a
dapter.test.ts[2m > [22m
StubSorobanAdapter[2m > 
[22mdifferent behavior 
with different seeds
[31m[1mAssertionError[2
2m: expected 2016n not to 
be 2016n // Object.is 
equality[39m
[36m [2mΓ¥»[22m backend
/src/soroban/stub-adapter.
test.ts:[2m36:30[22m[39
m
    [90m 34| [39m       
 [35mconst[39m balance2 
[33m=[39m 
[35mawait[39m adapter2[
33m.[39m[34mgetBalance[
39m([32m'GABC'[39m)
    [90m 35| [39m
    [90m 36| [39m       
 [34mexpect[39m(balance1
)[33m.[39mnot[33m.[39m
[34mtoBe[39m(balance2)
    [90m   | [39m       
                      
[31m^[39m
    [90m 37| [39m    })
    [90m 38| [39m

[31m[2mΓÄ»ΓÄ»ΓÄ»ΓÄ»ΓÄ»ΓÄ
»ΓÄ»ΓÄ»ΓÄ»ΓÄ»ΓÄ»ΓÄ»ΓÄ»ΓÄ»Γ
Ä»ΓÄ»ΓÄ»ΓÄ»ΓÄ»ΓÄ»ΓÄ»ΓÄ»ΓÄ»
ΓÄ»[1/1]ΓÄ»[22m[39m


[2m Test Files [22m [1m[31m1 failed[39m[22m[90m (1)[39m
[2m      Tests [22m [1m[31m1 failed[39m[22m[2m | [22m[1m[32m3 passed[39m[22m[90m (4)[39m
[2m   Start at [22m 16:33:52
[2m   Duration [22m 610ms[2m (transform 92ms, setup 0ms, collect 91ms, tests 13ms, environment 0ms, prepare 184ms)[22m

